
============================================================
 [V7a] 逐月滾動, 擴張視窗, 無衰減
============================================================
  2024-01: n=660 train=39540 acc=0.5258
  2024-02: n=390 train=40200 acc=0.4667
  2024-03: n=630 train=40800 acc=0.4968
  2024-04: n=600 train=41460 acc=0.5117
  2024-05: n=660 train=41880 acc=0.5076
  2024-06: n=570 train=42510 acc=0.3877
  2024-07: n=630 train=43080 acc=0.4333
  2024-08: n=660 train=43740 acc=0.4606
  2024-09: n=600 train=44370 acc=0.5667
  2024-10: n=570 train=44970 acc=0.4509
  2024-11: n=630 train=45600 acc=0.4048
  2024-12: n=480 train=46230 acc=0.6083
  → 全年 acc=0.4839 f1_macro=0.4826 (9.6 min)

============================================================
 [V7b] 逐月滾動 + 樣本衰減 (半衰期 180 天)
============================================================
  2024-01: n=660 train=39540 acc=0.4667
  2024-02: n=390 train=40200 acc=0.4051
  2024-03: n=630 train=40800 acc=0.5937
  2024-04: n=600 train=41460 acc=0.5367
  2024-05: n=660 train=41880 acc=0.4470
  2024-06: n=570 train=42510 acc=0.3825
  2024-07: n=630 train=43080 acc=0.5016
  2024-08: n=660 train=43740 acc=0.4515
  2024-09: n=600 train=44370 acc=0.6083
  2024-10: n=570 train=44970 acc=0.4509
  2024-11: n=630 train=45600 acc=0.4270
  2024-12: n=480 train=46230 acc=0.5354
  → 全年 acc=0.4855 f1_macro=0.4573 (9.6 min)

============================================================
 [V7c] 逐月滾動, 滾動視窗 (最近 730 天)
============================================================
  2024-01: n=660 train=13290 acc=0.5167
  2024-02: n=390 train=13410 acc=0.5308
  2024-03: n=630 train=13530 acc=0.6095
  2024-04: n=600 train=13500 acc=0.4067
  2024-05: n=660 train=13380 acc=0.5364
  2024-06: n=570 train=13350 acc=0.5140
  2024-07: n=630 train=13290 acc=0.4984
  2024-08: n=660 train=13320 acc=0.5364
  2024-09: n=600 train=13260 acc=0.4867
  2024-10: n=570 train=13260 acc=0.5158
  2024-11: n=630 train=13260 acc=0.5079
  2024-12: n=480 train=13230 acc=0.5542
  → 全年 acc=0.5174 f1_macro=0.5173 (3.2 min)

V7 DONE
