label_stats: {
 "train": {
  "n": 33630,
  "up_next": 0.46839131727624145,
  "up_5d": 0.5268510258697592,
  "big_move_rate": 0.41480820695807313,
  "mean_ret5d": 0.27437960437035674
 },
 "val": {
  "n": 7170,
  "up_next": 0.47447698744769873,
  "up_5d": 0.5323570432357043,
  "big_move_rate": 0.3726638772663877,
  "mean_ret5d": 0.45851259210617673
 },
 "test": {
  "n": 7080,
  "up_next": 0.4590395480225989,
  "up_5d": 0.5175141242937853,
  "big_move_rate": 0.45663841807909605,
  "mean_ret5d": 0.2560682582908812
 }
}

============================================================
 [V6a] 死區標籤 GCN: 只取 |5日報酬|>2%
============================================================
  train=13950 val=2672 test=3233 (test 覆蓋率=45.66%, test 漲比例=53.51%)
  → test acc=0.4643 f1_macro=0.4623

============================================================
 [V6b] 逐季 walk-forward 重訓
============================================================
  2024-01: n=1680 acc=0.5387 f1m=0.4745
  2024-04: n=1830 acc=0.4175 f1m=0.3948
  2024-07: n=1890 acc=0.4799 f1m=0.3347
  2024-10: n=1680 acc=0.4976 f1m=0.4875
  → 全年彙總 acc=0.4819 f1_macro=0.4737

============================================================
 [V6c] GBDT 死區標籤
============================================================
  → test acc=0.4225 f1_macro=0.3866

V6 DONE
